[cydiaabdullah.weebly.com/index.html]
[cydiaabdullah.weebly.com/gdpr/gdprscripteca0.js]
[cydiaabdullah.weebly.com/gdpr/gdprscripta2a1.js]
[backblue.gif]
[fade.gif]
[index.html]
[cdn2.editmysite.com/css/sitesd8a0.css]
[cdn2.editmysite.com/css/old/fancyboxb83d.css]
[cdn2.editmysite.com/css/social-iconsf73f.css]
[cydiaabdullah.weebly.com/files/main_styledaee.css]
[ajax.googleapis.com/ajax/libs/jquery/1.8.3/jquery.min.js]
[cdn2.editmysite.com/js/lang/en/stlb016.js]
[cdn2.editmysite.com/js/site/maind8a0.js]
[www.google.com/recaptcha/api.js]
[cydiaabdullah.weebly.com/uploads/1/0/1/0/101039012/edited/466.png]
[cydiaabdullah.weebly.com/uploads/1/0/1/0/101039012/editor/4668204.png]
[cydiaabdullah.weebly.com/uploads/1/0/1/0/101039012/published/72hqtgk489e.png]
[pagead2.googlesyndication.com/pagead/js/f.txt]
[cydiaabdullah.weebly.com/uploads/1/0/1/0/101039012/p59_orig.jpg]
[cydiaabdullah.weebly.com/uploads/1/0/1/0/101039012/published/g8bizyf800c.png]
[cydiaabdullah.weebly.com/uploads/1/0/1/0/101039012/editor/phoenixbf5a.png]
[cydiaabdullah.weebly.com/uploads/1/0/1/0/101039012/published/yqo3yqsa339.png]
[cydiaabdullah.weebly.com/uploads/1/0/1/0/101039012/published/ernctaz075f.png]
[cydiaabdullah.weebly.com/uploads/1/0/1/0/101039012/published/cydia-1900000298-iconf2c9.png]
[cydiaabdullah.weebly.com/uploads/1/0/1/0/101039012/editor/h3lix-rc5c255.png]
[cydiaabdullah.weebly.com/uploads/1/0/1/0/101039012/published/doubleh3lix-rc86508.png]
[cydiaabdullah.weebly.com/uploads/1/0/1/0/101039012/published/383ce49.png]
[cdn2.editmysite.com/js/site/footerSignupa444.js]
[cydiaabdullah.weebly.com/files/theme/pluginsbf5a.js]
[cydiaabdullah.weebly.com/index.html]
[cydiaabdullah.weebly.com/files/theme/custombf5a.js]
[cdn2.editmysite.com/js/wsnbn/snowday262.js]
[cdn2.editmysite.com/images/util/videojs/white-bar.png]
[cdn2.editmysite.com/images/util/videojs/@2x/white-bar.png]
[cdn2.editmysite.com/images/util/videojs/gradient.png]
[cdn2.editmysite.com/images/util/videojs/@2x/gradient.png]
[cdn2.editmysite.com/sprites/util/videojs-sacae758aa2.png]
[cdn2.editmysite.com/sprites/util/videojs/@2x-s2aff7e7d9a.png]
[cdn2.editmysite.com/images/util/videojs/volume-filled.png]
[cdn2.editmysite.com/images/util/videojs/@2x/volume-filled.png]
[cdn2.editmysite.com/images/util/videojs/volume-mute.png]
[cdn2.editmysite.com/images/util/videojs/@2x/volume-mute.png]
[cdn2.editmysite.com/images/util/videojs/blue-bar.png]
[cdn2.editmysite.com/images/util/videojs/@2x/blue-bar.png]
[cdn2.editmysite.com/images/util/videojs/maximize-icon.png]
[cdn2.editmysite.com/images/util/videojs/@2x/maximize-icon.png]
[cdn2.editmysite.com/images/util/videojs/minimize-icon.png]
[cdn2.editmysite.com/images/util/videojs/@2x/minimize-icon.png]
[cdn2.editmysite.com/images/util/videojs/play-icon.png]
[cdn2.editmysite.com/images/util/videojs/@2x/play-icon.png]
[cdn2.editmysite.com/images/util/videojs/sad-face.png]
[cdn2.editmysite.com/images/util/videojs/@2x/sad-face.png]
[cdn2.editmysite.com/images/util/videojs/loading-icon.png]
[cdn2.editmysite.com/images/util/videojs/@2x/loading-icon.png]
[cdn2.editmysite.com/images/common/buttons/small_grey.png]
[cdn2.editmysite.com/images/common/buttons/small_blue.png]
[cdn2.editmysite.com/images/old/button/large_grey.png]
[cdn2.editmysite.com/images/common/buttons/large_blue.png]
[cdn2.editmysite.com/images/common/search-light.png]
[cdn2.editmysite.com/images/common/social_icons.png]
[cdn2.editmysite.com/images/common/blog/blog-comment-button.png]
[cdn2.editmysite.com/images/common/blog/blog-comment-header.png]
[cdn2.editmysite.com/images/common/blog/blog-comment-pointer.png]
[cdn2.editmysite.com/images/common/blog/blog-comment-link.png]
[cdn2.editmysite.com/images/common/blog/blog-comment-header-author.png]
[cdn2.editmysite.com/images/common/blog/blog-comment-pointer-author.png]
[cdn2.editmysite.com/images/common/blog/blog-comment-field-bg.png]
[cdn2.editmysite.com/images/common/blog/dark-blog-comment-header.png]
[cdn2.editmysite.com/images/common/blog/dark-blog-comment-pointer.png]
[cdn2.editmysite.com/images/common/blog/dark-blog-comment-header-author.png]
[cdn2.editmysite.com/images/common/blog/dark-blog-comment-pointer-author.png]
[cdn2.editmysite.com/images/common/blog/dark-blog-comment-link.png]
[cdn2.editmysite.com/images/util/general/blank.gif]
[cdn2.editmysite.com/images/common/lightbox/prevlabel.gif]
[cdn2.editmysite.com/images/common/lightbox/nextlabel.gif]
[cdn2.editmysite.com/sprites/util/inputs/checkmarkBox-s7868418152.png]
[cdn2.editmysite.com/sprites/util/inputs/checkmarkBox/@2x-s211a47d318.png]
[cdn2.editmysite.com/images/util/inputs/search-input-bg.jpg]
[cdn2.editmysite.com/images/common/magnifying-glass.png]
[cdn2.editmysite.com/images/common/checkmarks/checkmark-mini.png]
[cdn2.editmysite.com/images/common/checkmarks/@2x/checkmark-mini.png]
[cdn2.editmysite.com/images/common/search-pagination-bg.png]
[cdn2.editmysite.com/images/util/general/top-triangle-000.png]
[cdn2.editmysite.com/images/util/general/bottom-triangle-000.png]
[cdn2.editmysite.com/images/util/general/top-triangle-000@2x.png]
[cdn2.editmysite.com/images/util/general/bottom-triangle-000@2x.png]
[cdn2.editmysite.com/sprites/common/social-icons-s5ea5500bdb.png]
[cdn2.editmysite.com/sprites/common/social-icons/@2x-s0ae7d70c70.png]
[cdn2.editmysite.com/sprites/site/mini-cart-s86c48effae.png]
[cdn2.editmysite.com/sprites/site/mini-cart/@2x-s576cbc3f90.png]
[cdn2.editmysite.com/images/loading.gif]
[cdn2.editmysite.com/sprites/site/mobile/commerce-sdf6d4e852c.png]
[cdn2.editmysite.com/sprites/site/mobile/commerce/@2x-s82f968c453.png]
[cdn2.editmysite.com/images/site/checkout/paypal.png]
[cdn2.editmysite.com/images/site/checkout/@2x/paypal.png]
[cdn2.editmysite.com/images/site/checkout/credit-cards.png]
[cdn2.editmysite.com/images/site/checkout/@2x/credit-cards.png]
[cdn2.editmysite.com/images/site/checkout/print.png]
[cdn2.editmysite.com/images/site/checkout/print@2x.png]
[cdn2.editmysite.com/images/vendor/select2/select2.png]
[cdn2.editmysite.com/images/vendor/select2/select2-spinner.gif]
[cdn2.editmysite.com/images/vendor/select2/select2x2.png]
[cdn2.editmysite.com/images/util/spinner/spinner-dark.png]
[cdn2.editmysite.com/images/util/spinner/spinner-light.png]
[cdn2.editmysite.com/images/util/loading-white-w24.gif]
[cdn2.editmysite.com/images/common/form_input_bg.gif]
[cdn2.editmysite.com/sprites/site/forms-s3786257308.png]
[cdn2.editmysite.com/sprites/site/forms/@2x-s47607b315a.png]
[cdn2.editmysite.com/images/blank.gif]
[cdn2.editmysite.com/sprites/site/footer-s48158ed9f7.png]
[cdn2.editmysite.com/sprites/site/footer/@2x-s398696b4d5.png]
[cdn2.editmysite.com/images/old/photoswipe/loader.gif]
[cdn2.editmysite.com/images/old/photoswipe/error.gif]
[cdn2.editmysite.com/images/old/photoswipe/icons.png]
[cdn2.editmysite.com/images/old/photoswipe/icons@2x.png]
[cdn2.editmysite.com/css/sitesd8a0.css]
[cdn2.editmysite.com/images/old/fancybox/fancybox_sprite.png]
[cdn2.editmysite.com/images/old/fancybox/fancybox_loading.gif]
[cdn2.editmysite.com/images/old/fancybox/blank.gif]
[cdn2.editmysite.com/images/old/fancybox/fancybox_overlay.png]
[cdn2.editmysite.com/css/old/fancyboxb83d.css]
[cdn2.editmysite.com/css/social-iconsf73f.css]
[cydiaabdullah.weebly.com/files/theme/fonts/17c55b27-e9ab-43cd-b948-d49f97480d68d41d.eot]
[cydiaabdullah.weebly.com/files/theme/fonts/2e3f5cb9-101f-46cf-a7b3-dfaa58261e03daee.woff2]
[cydiaabdullah.weebly.com/files/theme/fonts/fa19948e-5e38-4909-b31e-41acd170d6f2daee.woff]
[cydiaabdullah.weebly.com/files/theme/fonts/6de0ce4d-9278-467b-b96f-c1f5f0a4c375daee.ttf]
[cydiaabdullah.weebly.com/files/theme/fonts/9fd4ea0c-b19a-4b21-9fdf-37045707dd78.svg]
[cydiaabdullah.weebly.com/files/theme/fonts/8b498c39-fabe-4789-bb81-5e37c9ecddd3d41d.eot]
[cydiaabdullah.weebly.com/files/theme/fonts/1c6c1881-23c9-4d6a-a018-759d1c9ded15daee.woff2]
[cydiaabdullah.weebly.com/files/theme/fonts/f0d655c5-a88a-49ad-bb29-f3b5cca41731daee.woff]
[cydiaabdullah.weebly.com/files/theme/fonts/3a561c83-40d4-4868-8255-e8455eb009c4daee.ttf]
[cydiaabdullah.weebly.com/files/theme/fonts/3966f856-9dcf-48e7-88e7-7400f1b7d619.svg]
[cydiaabdullah.weebly.com/files/theme/fonts/e9167238-3b3f-4813-a04a-a384394eed42d41d.eot]
[cydiaabdullah.weebly.com/files/theme/fonts/2cd55546-ec00-4af9-aeca-4a3cd186da53daee.woff2]
[cydiaabdullah.weebly.com/files/theme/fonts/1e9892c0-6927-4412-9874-1b82801ba47adaee.woff]
[cydiaabdullah.weebly.com/files/theme/fonts/46cf1067-688d-4aab-b0f7-bd942af6efd8daee.ttf]
[cydiaabdullah.weebly.com/files/theme/fonts/52a192b1-bea5-4b48-879f-107f009b666f.svg]
[cydiaabdullah.weebly.com/files/theme/fonts/d1fddef1-d940-4904-8f6c-17e809462301d41d.eot]
[cydiaabdullah.weebly.com/files/theme/fonts/7377dbe6-f11a-4a05-b33c-bc8ce1f60f84daee.woff2]
[cydiaabdullah.weebly.com/files/theme/fonts/92b66dbd-4201-4ac2-a605-4d4ffc8705ccdaee.woff]
[cydiaabdullah.weebly.com/files/theme/fonts/18839597-afa8-4f0b-9abb-4a30262d0da8daee.ttf]
[cydiaabdullah.weebly.com/files/theme/fonts/1de7e6f4-9d4d-47e7-ab23-7d5cf10ab585.svg]
[cydiaabdullah.weebly.com/files/theme/fonts/1a7c9181-cd24-4943-a9d9-d033189524e0d41d.eot]
[cydiaabdullah.weebly.com/files/theme/fonts/627fbb5a-3bae-4cd9-b617-2f923e29d55edaee.woff2]
[cydiaabdullah.weebly.com/files/theme/fonts/f26faddb-86cc-4477-a253-1e1287684336daee.woff]
[cydiaabdullah.weebly.com/files/theme/fonts/63a74598-733c-4d0c-bd91-b01bffcd6e69daee.ttf]
[cydiaabdullah.weebly.com/files/theme/fonts/a89d6ad1-a04f-4a8f-b140-e55478dbea80.svg]
[cydiaabdullah.weebly.com/files/theme/fonts/77a9cdce-ea6a-4f94-95df-e6a54555545ed41d.eot]
[cydiaabdullah.weebly.com/files/theme/fonts/3f380a53-50ea-4a62-95c5-d5d8dba03ab8daee.woff2]
[cydiaabdullah.weebly.com/files/theme/fonts/8344e877-560d-44d4-82eb-9822766676f9daee.woff]
[cydiaabdullah.weebly.com/files/theme/fonts/b28b01d9-78c5-46c6-a30d-9a62c8f407c5daee.ttf]
[cydiaabdullah.weebly.com/files/theme/fonts/ed4d3c45-af64-4992-974b-c37cd12a9570.svg]
[cydiaabdullah.weebly.com/files/theme/images/default-bgdaee.jpg]
[cydiaabdullah.weebly.com/files/main_styledaee.css]
[cdn2.editmysite.com/js/lang/en/stlb016.js]
[cdn2.editmysite.com/js/site/maind8a0.js]
[cydiaabdullah.weebly.com/itms-services_/indexd115.html]
[cydiaabdullah.weebly.com/itms-services_/indexb0f2.html]
[cydiaabdullah.weebly.com/itms-services_/index2099.html]
[cydiaabdullah.weebly.com/itms-services_/indexfa1e.html]
[cydiaabdullah.weebly.com/itms-services_/index6221.html]
[cydiaabdullah.weebly.com/itms-services_/indexa924.html]
[cydiaabdullah.weebly.com/itms-services_/index2ff1.html]
[cydiaabdullah.weebly.com/itms-services_/indexb1b5.html]
[cydiaabdullah.weebly.com/itms-services_/indexab06.html]
[cydiaabdullah.weebly.com/itms-services_/indexadc2.html]
[cydiaabdullah.weebly.com/itms-services_/index0b38.html]
[cydiaabdullah.weebly.com/itms-services_/indexe89e.html]
[cydiaabdullah.weebly.com/itms-services_/index1fae.html]
[cydiaabdullah.weebly.com/itms-services_/indexbc39.html]
[cydiaabdullah.weebly.com/itms-services_/indexe6ca.html]
[cydiaabdullah.weebly.com/itms-services_/index6ab4.html]
[cydiaabdullah.weebly.com/itms-services_/indexc88a.html]
[cydiaabdullah.weebly.com/itms-services_/index8f15.html]
[cydiaabdullah.weebly.com/itms-services_/index0673.html]
[cydiaabdullah.weebly.com/itms-services_/index78c1.html]
[cydiaabdullah.weebly.com/itms-services_/indexa48b.html]
[cydiaabdullah.weebly.com/itms-services_/index8891.html]
[cydiaabdullah.weebly.com/itms-services_/indexb4c7.html]
[cydiaabdullah.weebly.com/itms-services_/index185c.html]
[cdn2.editmysite.com/js/site/footerSignupa444.js]
[cdn2.editmysite.com/js/wsnbn/snowday262.js]
[fast.fonts.net/t/1dc06.css]
[cydiaabdullah.weebly.com/files/theme/fonts/9fd4ea0c-b19a-4b21-9fdf-37045707dd78.svg]
[cydiaabdullah.weebly.com/files/theme/fonts/3966f856-9dcf-48e7-88e7-7400f1b7d619.svg]
[cydiaabdullah.weebly.com/files/theme/fonts/52a192b1-bea5-4b48-879f-107f009b666f.svg]
[cydiaabdullah.weebly.com/files/theme/fonts/1de7e6f4-9d4d-47e7-ab23-7d5cf10ab585.svg]
[cydiaabdullah.weebly.com/files/theme/fonts/a89d6ad1-a04f-4a8f-b140-e55478dbea80.svg]
[cydiaabdullah.weebly.com/files/theme/fonts/ed4d3c45-af64-4992-974b-c37cd12a9570.svg]
[cydiaabdullah.weebly.com/files/theme/images/select-dropdowndaee.svg]
[cydiaabdullah.weebly.com/Before you execute the binding your view must have a model or a collection.html]
[cydiaabdullah.weebly.com/mustache.html]
[cydiaabdullah.weebly.com/GET.html]
[cydiaabdullah.weebly.com/formSubmit.html]
[cydiaabdullah.weebly.com/formSubmitAjax.html]
[cydiaabdullah.weebly.com/weebly/libraries/videojs/video-js.html]
[cydiaabdullah.weebly.com/AppleWebKit/index.html]
[cydiaabdullah.weebly.com/Mobile/index.html]
[cydiaabdullah.weebly.com/ABCDEFGHIJKLMNOPQRSTUVWXYZabcdefghijklmnopqrstuvwxyz0123456789+/index.html]
[cydiaabdullah.weebly.com/payload.html]
[cydiaabdullah.weebly.com/POST.html]
