[store.pro1iq.com/index.html]
[pagead2.googlesyndication.com/pagead/js/f.txt]
[d.top4top.net/IMG_0192.JPG]
[backblue.gif]
[fade.gif]
[index.html]
[appvalley.vip/app/css/framework7.ios.min.css]
[appvalley.vip/app/css/framework7.ios.colors.min.css]
[appvalley.vip/app/css/appvalley.css]
[store.pro1iq.com/categories/apps.6.delayed]
[code.ionicframework.com/ionicons/2.0.1/css/ionicons.min.css]
[store.pro1iq.com/apps/moviebox.8.delayed]
[store.pro1iq.com/icon/moviebox.9.delayed]
[store.pro1iq.com/apps/spotify.a.delayed]
[store.pro1iq.com/icon/spotify.b.delayed]
[store.pro1iq.com/apps/bobbymovie.c.delayed]
[store.pro1iq.com/icon/bobbymovie.d.delayed]
[store.pro1iq.com/apps/scothman10.13.0.e.delayed]
[store.pro1iq.com/icon/scothmanicon.f.delayed]
[store.pro1iq.com/games/pokego.10.delayed]
[store.pro1iq.com/icon/pokego.11.delayed]
[store.pro1iq.com/apps/everycord.12.delayed]
[68.media.tumblr.com/aa94de0a9553b5190ffc5291d7cf86f4/tumblr_opxpqhxx3h1t0wlalo1_1280.png]
[store.pro1iq.com/apps/snapchat++.14.delayed]
[store.pro1iq.com/icon/snapchat.15.delayed]
[store.pro1iq.com/apps/whatsapp.16.delayed]
[store.pro1iq.com/icon/whatsappicon.17.delayed]
[store.pro1iq.com/apps/youtube++.18.delayed]
[store.pro1iq.com/icon/youtubeicon.19.delayed]
[store.pro1iq.com/apps/twitter.1a.delayed]
[store.pro1iq.com/icon/twittericon.1b.delayed]
[store.pro1iq.com/apps/psphone.1c.delayed]
[store.pro1iq.com/icon/pspadicon.1d.delayed]
[store.pro1iq.com/games/angrybirdsspace.1e.delayed]
[store.pro1iq.com/icon/angrybirdsspaceicon.1f.delayed]
[store.pro1iq.com/games/zombiehq.20.delayed]
[store.pro1iq.com/icon/zombiehqicon.21.delayed]
[store.pro1iq.com/games/whereismywater.22.delayed]
[store.pro1iq.com/icon/whereismywatericon.23.delayed]
[store.pro1iq.com/apps/whatspad.24.delayed]
[store.pro1iq.com/games/dreamleague.25.delayed]
[store.pro1iq.com/icon/dreamleagueicon.26.delayed]
[store.pro1iq.com/apps/coolpixel.27.delayed]
[store.pro1iq.com/icon/coolpixelicon.28.delayed]
[store.pro1iq.com/games/gtactw.29.delayed]
[store.pro1iq.com/icon/gtactwicon.2a.delayed]
[store.pro1iq.com/games/majad.2b.delayed]
[store.pro1iq.com/icon/majadicon.2c.delayed]
[store.pro1iq.com/apps/lumafusion.2d.delayed]
[store.pro1iq.com/icon/lumafusionicon.2e.delayed]
[store.pro1iq.com/apps/setbeat.2f.delayed]
[store.pro1iq.com/icon/setbeaticon.30.delayed]
[store.pro1iq.com/apps/musicjunkie.31.delayed]
[store.pro1iq.com/icon/musicjunkieicon.32.delayed]
[store.pro1iq.com/apps/launcher.33.delayed]
[store.pro1iq.com/icon/launchericon.34.delayed]
[store.pro1iq.com/apps/halowtv.35.delayed]
[store.pro1iq.com/icon/halowtvicon.36.delayed]
[store.pro1iq.com/apps/dezzer.37.delayed]
[store.pro1iq.com/icon/dezzer.38.delayed]
[store.pro1iq.com/apps/napster.39.delayed]
[store.pro1iq.com/icon/napster.3a.delayed]
[store.pro1iq.com/apps/scp10.13.0.3b.delayed]
[store.pro1iq.com/apps/phantomspoof.3c.delayed]
[store.pro1iq.com/apps/sco&spoof.3d.delayed]
[store.pro1iq.com/icon/sco&spooficon.3e.delayed]
[store.pro1iq.com/games/dictator2.3f.delayed]
[store.pro1iq.com/icon/dictator2icon.40.delayed]
[store.pro1iq.com/games/endlessroad.41.delayed]
[store.pro1iq.com/icon/endlessroadicon.42.delayed]
[store.pro1iq.com/games/doodlejumpes.43.delayed]
[store.pro1iq.com/icon/doodlejumpesicon.44.delayed]
[store.pro1iq.com/games/xracer.45.delayed]
[store.pro1iq.com/icon/xracericon.46.delayed]
[store.pro1iq.com/categories/games.47.delayed]
[store.pro1iq.com/categories/unverified.48.delayed]
[b.top4top.net/574rswqo1.png]
[d.top4top.net/574l16cf1.png]
[b.top4top.net/5741r73o1.png]
[server4.uaepro.me/files/21774/199725.4c.delayed]
[d.top4top.net/574vvbf81.png]
[d.top4top.net/586blnso1.png]
[e.top4top.net/578m16hz1.png]
[f.top4top.net/574y0zkz1.png]
[e.top4top.net/unnamed.png]
[e.top4top.net/5796fujw1.png]
[f.top4top.net/5793p7b41.png]
[images.qualityindex.com/product_icons/4756924/4756924_180.jpg]
[f.top4top.net/5759bv1f1.png]
[c.top4top.net/575u1gce1.png]
[a.top4top.net/575999g41.png]
[b.top4top.net/582tpc8q1.png]
[c.top4top.net/575ifwt41.png]
[c.top4top.net/5804swuy1.png]
[e.top4top.net/580307ic1.png]
[c.top4top.net/580xxrpw1.png]
[c.top4top.net/photofacefun_com_1501761149.jpg]
[store.pro1iq.com/itms-services_/index7378.html]
[e.top4top.net/579il5k41.png]
[store.pro1iq.com/itms-services_/index7799.html]
[c.top4top.net/579sfcws1.png]
[store.pro1iq.com/itms-services_/indexca5d.html]
[f.top4top.net/579ldmws1.png]
[store.pro1iq.com/itms-services_/index7402.html]
[f.top4top.net/579q11ng1.png]
[store.pro1iq.com/itms-services_/indexce70.html]
[a.top4top.net/5796mz521.png]
[store.pro1iq.com/itms-services_/indexce68.html]
[e.top4top.net/579nhc4r1.png]
[store.pro1iq.com/itms-services_/index8e93.html]
[e.top4top.net/579jw1ys1.png]
[store.pro1iq.com/itms-services_/index6ec3.html]
[b.top4top.net/579u4ev21.png]
[store.pro1iq.com/itms-services_/index3749.html]
[c.top4top.net/579ihyjs1.png]
[store.pro1iq.com/itms-services_/index52ff.html]
[b.top4top.net/579kqrss1.png]
[a.top4top.net/unnamed.png]
[store.pro1iq.com/img/image.69.delayed]
[appvalley.vip/app/js/framework7.js]
[store.pro1iq.com/index.html]
[appvalley.vip/app/js/appvalley.js]
[appvalley.vip/app/img/i-f7-ios.png]
[appvalley.vip/app/css/framework7.ios.min.css]
[appvalley.vip/app/css/framework7.ios.colors.min.css]
[appvalley.vip/app/css/appvalley.css]
[code.ionicframework.com/ionicons/2.0.1/css/ionicons.min.css]
[store.pro1iq.com/categories/apps.html]
[pbs.twimg.com/profile_images/891605791165345792/6Be1PtV1_bigger.jpg]
[store.pro1iq.com/apps/moviebox.html]
[store.pro1iq.com/icon/moviebox.html]
[store.pro1iq.com/apps/spotify.html]
[store.pro1iq.com/icon/spotify.html]
[store.pro1iq.com/apps/bobbymovie.html]
[store.pro1iq.com/icon/bobbymovie.html]
[store.pro1iq.com/apps/scothman10.13.0.html]
[store.pro1iq.com/icon/scothmanicon.html]
[store.pro1iq.com/games/pokego.html]
[store.pro1iq.com/icon/pokego.html]
[store.pro1iq.com/apps/everycord.html]
[store.pro1iq.com/apps/snapchat++.html]
[store.pro1iq.com/icon/snapchat.html]
[store.pro1iq.com/apps/whatsapp.html]
[store.pro1iq.com/icon/whatsappicon.html]
[store.pro1iq.com/apps/youtube++.html]
[store.pro1iq.com/icon/youtubeicon.html]
[store.pro1iq.com/apps/twitter.html]
[store.pro1iq.com/icon/twittericon.html]
[store.pro1iq.com/apps/psphone.html]
[store.pro1iq.com/icon/pspadicon.html]
[store.pro1iq.com/games/angrybirdsspace.html]
[store.pro1iq.com/icon/angrybirdsspaceicon.html]
[store.pro1iq.com/games/zombiehq.html]
[store.pro1iq.com/icon/zombiehqicon.html]
[store.pro1iq.com/games/whereismywater.html]
[store.pro1iq.com/icon/whereismywatericon.html]
[store.pro1iq.com/apps/whatspad.html]
[store.pro1iq.com/games/dreamleague.html]
[store.pro1iq.com/icon/dreamleagueicon.html]
[store.pro1iq.com/apps/coolpixel.html]
[store.pro1iq.com/icon/coolpixelicon.html]
[store.pro1iq.com/games/gtactw.html]
[store.pro1iq.com/icon/gtactwicon.html]
[store.pro1iq.com/games/majad.html]
[store.pro1iq.com/icon/majadicon.html]
[store.pro1iq.com/apps/lumafusion.html]
[store.pro1iq.com/icon/lumafusionicon.html]
[store.pro1iq.com/apps/setbeat.html]
[store.pro1iq.com/icon/setbeaticon.html]
[store.pro1iq.com/apps/musicjunkie.html]
[store.pro1iq.com/icon/musicjunkieicon.html]
[store.pro1iq.com/apps/launcher.html]
[store.pro1iq.com/icon/launchericon.html]
[store.pro1iq.com/apps/halowtv.html]
[store.pro1iq.com/icon/halowtvicon.html]
[store.pro1iq.com/apps/dezzer.html]
[store.pro1iq.com/icon/dezzer.html]
[store.pro1iq.com/apps/napster.html]
[store.pro1iq.com/icon/napster.html]
[store.pro1iq.com/apps/scp10.13.0.html]
[store.pro1iq.com/apps/phantomspoof.html]
[store.pro1iq.com/apps/sco&spoof.html]
[store.pro1iq.com/icon/sco&spooficon.html]
[store.pro1iq.com/games/dictator2.html]
[store.pro1iq.com/icon/dictator2icon.html]
[store.pro1iq.com/games/endlessroad.html]
[store.pro1iq.com/icon/endlessroadicon.html]
[store.pro1iq.com/games/doodlejumpes.html]
[store.pro1iq.com/icon/doodlejumpesicon.html]
[store.pro1iq.com/games/xracer.html]
[store.pro1iq.com/icon/xracericon.html]
[store.pro1iq.com/categories/games.html]
[store.pro1iq.com/categories/unverified.html]
[server4.uaepro.me/files/21774/199725.html]
[store.pro1iq.com/itms-services_/index7378.html]
[store.pro1iq.com/itms-services_/index7799.html]
[store.pro1iq.com/itms-services_/indexca5d.html]
[store.pro1iq.com/itms-services_/index7402.html]
[store.pro1iq.com/itms-services_/indexce70.html]
[store.pro1iq.com/itms-services_/indexce68.html]
[store.pro1iq.com/itms-services_/index8e93.html]
[store.pro1iq.com/itms-services_/index6ec3.html]
[store.pro1iq.com/itms-services_/index3749.html]
[store.pro1iq.com/itms-services_/index52ff.html]
[store.pro1iq.com/img/image.html]
[appvalley.vip/app/img/i-f7-ios.html]
